03:40:38 **** Incremental Build of configuration Debug for project LB_3 ****
make -j8 all 
arm-none-eabi-gcc "../Core/Src/stm32f4xx_it.c" -mcpu=cortex-m4 -std=gnu11 -g3 -DDEBUG -DUSE_HAL_DRIVER -DSTM32F429xx -c -I../Core/Inc -I../Drivers/STM32F4xx_HAL_Driver/Inc -I../Drivers/STM32F4xx_HAL_Driver/Inc/Legacy -I../Drivers/CMSIS/Device/ST/STM32F4xx/Include -I../Drivers/CMSIS/Include -O0 -ffunction-sections -fdata-sections -Wall -fstack-usage -fcyclomatic-complexity -MMD -MP -MF"Core/Src/stm32f4xx_it.d" -MT"Core/Src/stm32f4xx_it.o" --specs=nano.specs -mfpu=fpv4-sp-d16 -mfloat-abi=hard -mthumb -o "Core/Src/stm32f4xx_it.o"
arm-none-eabi-gcc -o "LB_3.elf" @"objects.list"   -mcpu=cortex-m4 -T"E:\stm32CubMX\lab\LB\3\LB_3\LB_3\STM32F429ZITX_FLASH.ld" --specs=nosys.specs -Wl,-Map="LB_3.map" -Wl,--gc-sections -static --specs=nano.specs -mfpu=fpv4-sp-d16 -mfloat-abi=hard -mthumb -Wl,--start-group -lc -lm -Wl,--end-group
Finished building target: LB_3.elf
 
arm-none-eabi-size   LB_3.elf 
arm-none-eabi-objdump -h -S  LB_3.elf  > "LB_3.list"
   text	   data	    bss	    dec	    hex	filename
  11080	     28	   1732	  12840	   3228	LB_3.elf
Finished building: default.size.stdout
 
Finished building: LB_3.list
 

03:40:40 Build Finished. 0 errors, 0 warnings. (took 1s.736ms)

